border_size=1
usage=map

Xu          , Xu          , Xu          , Uu          , Uu          , Xu          , Xu          , Xu          , Xu          , Y2          , Y2          , Y2          , Y2          , Y2          , Y2          , Xu          , Xu          , Xu          , Xu          , Xu          , Y2          , Y2          , Y2          , Y2          , Y2          , Y2          , Xu          , Xu          , Xu          , Xu          , Xu          , Xu          , Y2          , Y2          , Y2          , Y2          , Y2          , Y2          , Y2          , Y2          , Y2          , Y2          
Xu          , Xu          , Uu          , Uu          , Cud         , Uu          , Uu          , Xu          , Xu          , Xu          , Xu          , Y2          , Y2          , Y2          , Y2          , Xu          , Xu          , Xu          , Y2          , Y2          , Y4          , Y2          , Y2          , Y2          , Y2          , Y2          , Xu          , Xu          , Xu          , Xu          , Xu          , Xu          , Y2          , Y2          , Y2          , Y2          , Y2          , Y2          , Y4          , Y2          , Y2          , Y2          
Xu          , Uu          , Uu          , Cud         , Kud         , Cud         , Uu          , Xu          , Xu          , Xu          , Xu          , Xu          , Y2          , Y2          , Y2          , Y2          , Y2          , Y2          , Y2          , Y4          , Y4          , Y4          , Y2          , Y2          , Y2          , Y2          , Y2          , Xu          , Y2          , Y2          , Y2          , Y2          , Y2          , Y2          , Y2          , Y2          , Y2          , Y4          , Y4          , Y4          , Y2          , Y2          
Xu          , Uu          , Uu          , Cud         , Cud         , Cud         , Uu          , Uu          , Xu          , Xu          , Xu          , Xu          , Xu          , Y2          , Y2          , Y2          , Y2          , Y2          , Y2          , Y4          , Y4          , Y4          , Y2          , Y2          , Y2          , Y2          , Y2          , Y2          , Y4          , Y2          , Y2          , Y2          , Y2          , Y2          , Y2          , Y2          , Y2          , Y4          , Y4          , Y4          , Y2          , Y2          
Y2          , Y2          , Uu          , Cud         , Uu          , Cud         , Uu          , Uu          , Xu          , Xu          , Xu          , Xu          , Xu          , Xu          , Y2          , Y2          , Y2          , Y2          , Y2          , Y2          , Y2          , Y2          , Y2          , Y2          , Y2          , Y2          , Y2          , Y4          , Y4          , Y4          , Y2          , Y2          , Y2          , Y2          , Y2          , Y2          , Y2          , Y2          , Y2          , Y2          , Y2          , Y2          
Y2          , Y2          , Uu          , Uu          , Uu          , Uu          , Xu          , Xu          , Xu          , Xu          , Xu          , Xu          , Xu          , Xu          , Y2          , Y2          , Y2          , Y2          , Xu          , Y2          , Y2          , Y2          , Xu          , Y2          , Xu          , Y2          , Y2          , Y4          , Y4          , Y4          , Y2          , Y2          , Y2          , Y2          , Xu          , Y2          , Xu          , Y2          , Y2          , Y2          , Xu          , Xu          
Xu          , Xu          , Xu          , Uu          , Y2          , Y2          , Y2          , Xu          , Xu          , Xu          , Xu          , Xu          , Xu          , Xu          , Xu          , Y2          , Xu          , Xu          , Xu          , Y2          , Y2          , Y2          , Xu          , Xu          , Xu          , Y2          , Y2          , Y2          , Y2          , Y2          , Y2          , Y2          , Xu          , Xu          , Xu          , Xu          , Xu          , Xu          , Xu          , Xu          , Xu          , Xu          
Xu          , Xu          , Xu          , Xu          , Y2          , Y2          , Y2          , Y2          , Y2          , Xu          , Y2          , Xu          , Xu          , Xu          , Xu          , Xu          , Y2          , Xu          , Xu          , Xu          , Y2          , Y2          , Y2          , Xu          , Xu          , Xu          , Xu          , Y2          , Y2          , Y2          , Y2          , Xu          , Xu          , Xu          , Xu          , Xu          , Xu          , Xu          , Xu          , Xu          , Xu          , Xu          
Xu          , Xu          , Xu          , Xu          , Xu          , Xu          , Xu          , Y2          , Xu          , Y2          , Y2          , Y2          , Y2          , Y2          , Y2          , Y2          , Y2          , Y2          , Y2          , Y2          , Y2          , Y2          , Y2          , Y2          , Xu          , Xu          , Xu          , Xu          , Y2          , Y2          , Y2          , Xu          , Xu          , Xu          , Y2          , Xu          , Y2          , Y2          , Y2          , Xu          , Xu          , Xu          
Xu          , Xu          , Xu          , Xu          , Xu          , Xu          , Xu          , Xu          , Xu          , Xu          , Y2          , Y2          , Y2          , Y2          , Y2          , Y2          , Y2          , Y2          , Y2          , Y2          , Y2          , Y2          , Y2          , Y2          , Y2          , Xu          , Y2          , Y2          , Y2          , Y2          , Y2          , Xu          , Xu          , Y2          , Y2          , Y2          , Y4          , Y2          , Y2          , Y2          , Xu          , Xu          
Xu          , Xu          , Xu          , Xu          , Xu          , Xu          , Xu          , Xu          , Xu          , Xu          , Y2          , Y2          , Y2          , Y2          , Y2          , Y2          , Y2          , Y2          , Xu          , Xu          , Xu          , Y2          , Y2          , Y2          , Y2          , Y2          , Y2          , Y2          , Y2          , Y2          , Y2          , Xu          , Xu          , Y2          , Y2          , Y4          , Y4          , Y4          , Y2          , Y2          , Xu          , Xu          
Xu          , Xu          , Xu          , Xu          , Y2          , Xu          , Xu          , Xu          , Y2          , Y2          , Y2          , Y2          , Y2          , Y2          , Y2          , Y2          , Y2          , Xu          , Xu          , Xu          , Xu          , Y2          , Y2          , Y2          , Y2          , Y2          , Y2          , Y2          , Y2          , Y2          , Xu          , Xu          , Y2          , Y2          , Y2          , Y4          , Y4          , Y4          , Y2          , Xu          , Xu          , Xu          
Xu          , Xu          , Y2          , Y2          , Y2          , Y2          , Y2          , Y2          , Y2          , Y2          , Y2          , Y2          , Y2          , Y2          , Y2          , Y2          , Y2          , Xu          , Xu          , Xu          , Xu          , Xu          , Xu          , Xu          , Y2          , Y2          , Y2          , Y2          , Y2          , Y2          , Y2          , Xu          , Y2          , Y2          , Y2          , Y2          , Y2          , Y2          , Y2          , Xu          , Xu          , Xu          
Y2          , Y2          , Y2          , Y2          , Y2          , Y2          , Xu          , Y2          , Y2          , Y2          , Y2          , Y2          , Y2          , Y2          , Y2          , Y2          , Y2          , Y2          , Y2          , Xu          , Xu          , Xu          , Xu          , Xu          , Y2          , Y2          , Y2          , Y2          , Y2          , Y2          , Y2          , Y2          , Y2          , Xu          , Xu          , Y2          , Y2          , Y2          , Y2          , Xu          , Xu          , Xu          
Y2          , Y2          , Y4          , Y2          , Y2          , Y2          , Xu          , Xu          , Xu          , Y2          , Y2          , Y2          , Y2          , Y2          , Y4          , Y2          , Y2          , Y2          , Y2          , Y2          , Xu          , Xu          , Xu          , Y2          , Y2          , Y2          , Y2          , Y2          , Y2          , Y2          , Y2          , Y2          , Y2          , Xu          , Xu          , Xu          , Xu          , Y2          , Xu          , Uu^Vu          , Xu          , Xu          
Y2          , Y4          , Y4          , Y4          , Y2          , Xu          , Xu          , Xu          , Xu          , Y2          , Y2          , Y2          , Y2          , Y4          , Y4          , Y4          , Y2          , Y2          , Y2          , Y2          , Y2          , Xu          , Y2          , Y2          , Y2          , Y2          , Y2          , Y2          , Xu          , Xu          , Xu          , Xu          , Y2          , Y2          , Y2          , Xu          , Xu          , Xu          , Xu          , Xu          , Xu          , Xu          
Y2          , Y4          , Y4          , Y4          , Y2          , Y2          , Y2          , Xu          , Xu          , Xu          , Y2          , Y2          , Y2          , Y4          , Y4          , Y4          , Y2          , Y2          , Y2          , Y2          , Y2          , Y2          , Y2          , Y2          , Y2          , Y2          , Y2          , Xu          , Xu          , Xu          , Xu          , Xu          , Y2          , Y2          , Y2          , Y2          , Y2          , Xu          , Xu          , Xu          , Xu          , Xu          
Y2          , Y2          , Y2          , Y2          , Y2          , Y2          , Y2          , Xu          , Xu          , Xu          , Y2          , Y2          , Y2          , Y2          , Y2          , Y2          , Y2          , Y2          , Y2          , Y2          , Y2          , Y2          , Y2          , Y2          , Y2          , Y2          , Xu          , Xu          , Xu          , Xu          , Xu          , Xu          , Xu          , Y2          , Y2          , Y2          , Y2          , Xu          , Xu          , Xu          , Xu          , Xu          
Y2          , Y2          , Y2          , Y2          , Y2          , Y2          , Y2          , Y2          , Y2          , Xu          , Y2          , Y2          , Y2          , Y2          , Y2          , Y2          , Y2          , Y2          , Xu          , Xu          , Xu          , Y2          , Y2          , Y2          , Y2          , Y2          , Xu          , Xu          , Xu          , Xu          , Xu          , Xu          , Xu          , Y2          , Y2          , Y2          , Y2          , Y2          , Y2          , Xu          , Y2          , Xu          
Y2          , Y2          , Y2          , Y2          , Y2          , Y2          , Y2          , Y2          , Y2          , Y2          , Y2          , Y2          , Y2          , Y2          , Y2          , Y2          , Xu          , Xu          , Xu          , Xu          , Xu          , Xu          , Y2          , Y2          , Y2          , Y2          , Y2          , Xu          , Xu          , Xu          , Xu          , Xu          , Y2          , Y2          , Y2          , Y2          , Y2          , Y2          , Y2          , Y2          , Y2          , Y2          
Y2          , Y2          , Y2          , Y2          , Y2          , Y2          , Y2          , Y2          , Y2          , Y2          , Y2          , Y2          , Y2          , Y2          , Y2          , Y2          , Xu          , Xu          , Xu          , Xu          , Xu          , Y2          , Y2          , Y2          , Y2          , Y2          , Y2          , Y2          , Y2          , Y2          , Y2          , Y2          , Y2          , Y2          , Y2          , Y2          , Y2          , Y2          , Y2          , Y2          , Y2          , Y2          
Y2          , Y2          , Xu          , Xu          , Xu          , Y2          , Y2          , Y2          , Y2          , Y2          , Y2          , Y2          , Y2          , Y2          , Y2          , Y2          , Xu          , Xu          , Xu          , Xu          , Y2          , Y2          , Y2          , Y2          , Y2          , Y2          , Y2          , Y2          , Y2          , Y2          , Y4          , Y2          , Y2          , Y2          , Y2          , Y2          , Y2          , Y2          , Y2          , Y2          , Y2          , Y2          
Y2          , Y2          , Y2          , Xu          , Y2          , Y2          , Y2          , Y2          , Y2          , Y2          , Y2          , Xu          , Xu          , Y2          , Y2          , Y2          , Y2          , Y2          , Y2          , Y2          , Y2          , Y2          , Y2          , Y2          , Y2          , Y2          , Y2          , Y2          , Y2          , Y4          , Y4          , Y4          , Y2          , Y2          , Y2          , Y2          , Y2          , Y2          , Y2          , Y2          , Y2          , Y2          
Y2          , Y2          , Y2          , Y2          , Y2          , Y2          , Y2          , Y2          , Y2          , Y2          , Y2          , Xu          , Y2          , Y2          , Y2          , Y2          , Y4          , Y2          , Y2          , Y2          , Y2          , Y2          , Y2          , Y2          , Y2          , Y2          , Y2          , Y2          , Y2          , Y4          , Y4          , Y4          , Y2          , Y2          , Y2          , Y2          , Y2          , Y2          , Y2          , Y2          , Y2          , Y2          
Y2          , Y2          , Y2          , Y2          , Y2          , Y2          , Y2          , Y2          , Y2          , Y2          , Y2          , Y2          , Y2          , Y2          , Y2          , Y4          , Y4          , Y4          , Y2          , Y2          , Xu          , Xu          , Xu          , Xu          , Xu          , Y2          , Y2          , Y2          , Y2          , Y2          , Y2          , Y2          , Y2          , Y2          , Y2          , Y2          , Y2          , Y2          , Y2          , Y2          , Y2          , Y2          
Y2          , Y2          , Y2          , Y2          , Y2          , Y2          , Xu          , Xu          , Y2          , Y2          , Y2          , Y2          , Y2          , Y2          , Y2          , Y4          , Y4          , Y4          , Y2          , Y2          , Xu          , Xu          , Xu          , Xu          , Xu          , Y2          , Y2          , Y2          , Y2          , Y2          , Y2          , Y2          , Y2          , Y2          , Y2          , Y2          , Y2          , Y2          , Y2          , Y2          , Y2          , Y2          
Y2          , Y2          , Y2          , Y2          , Y2          , Xu          , Xu          , Xu          , Xu          , Y2          , Y2          , Y2          , Y2          , Y2          , Y2          , Y2          , Y2          , Y2          , Y2          , Y2          , Y2          , Xu          , Xu          , Xu          , Xu          , Y2          , Y2          , Y2          , Y2          , Y2          , Xu          , Xu          , Xu          , Y2          , Y2          , Y2          , Y2          , Y2          , Y4          , Y2          , Y2          , Y2          
Y2          , Y2          , Y2          , Y2          , Xu          , Xu          , Xu          , Xu          , Y2          , Y2          , Y2          , Y2          , Xu          , Xu          , Xu          , Y2          , Y2          , Y2          , Y2          , Y2          , Y2          , Xu          , Xu          , Xu          , Y2          , Y2          , Y2          , Y2          , Xu          , Xu          , Xu          , Xu          , Y2          , Y2          , Y2          , Y2          , Y2          , Y4          , Y4          , Y4          , Y2          , Y2          
Y2          , Y2          , Y2          , Y2          , Xu          , Xu          , Xu          , Xu          , Y2          , Y2          , Y2          , Xu          , Xu          , Xu          , Uu          , Xu          , Y2          , Y2          , Y2          , Y2          , Y2          , Xu          , Xu          , Xu          , Y2          , Y2          , Y2          , Y2          , Xu          , Xu          , Y2          , Y2          , Xu          , Xu          , Xu          , Y2          , Y2          , Y4          , Y4          , Y4          , Y2          , Y2          
Y2          , Y2          , Y2          , Y2          , Y2          , Xu          , Y2          , Y2          , Y2          , Y2          , Xu          , Xu          , Xu          , Uh          , Uh          , Uu          , Xu          , Y2          , Y2          , Y2          , Xu          , Xu          , Xu          , Xu          , Y2          , Y2          , Y2          , Xu          , Xu          , Xu          , Y2          , Y2          , Xu          , Xu          , Xu          , Xu          , Xu          , Y2          , Y2          , Y2          , Y2          , Y2          
Xu          , Y2          , Xu          , Y2          , Y2          , Y2          , Y2          , Y2          , Y2          , Xu          , Xu          , Xu          , Uh          , Uh          , Uh          , Uu          , Xu          , Xu          , Xu          , Xu          , Xu          , Xu          , Xu          , Xu          , Y2          , Y2          , Xu          , Y2          , Y2          , Y2          , Y2          , Y2          , Y2          , Xu          , Xu          , Xu          , Xu          , Y2          , Y2          , Y2          , Xu          , Xu          
Xu          , Xu          , Xu          , Xu          , Y2          , Y2          , Y2          , Y2          , Y2          , Xu          , Xu          , Xu          , Uu^Vud      , Uh          , Uh          , Uh          , Xu          , Xu          , Y2          , Xu          , Y2          , Xu          , Y2          , Y2          , Xu          , Xu          , Xu          , Y2          , Y2          , Y2          , Y2          , Y2          , Y2          , Xu          , Xu          , Xu          , Xu          , Y2          , Xu          , Y2          , Xu          , Xu          
Xu          , Xu          , Xu          , Xu          , Y2          , Y2          , Y2          , Y2          , Xu          , Xu          , Xu          , Xu          , Xu          , Uh          , Xu          , Xu          , Y2          , Y2          , Y2          , Y2          , Y2          , Y2          , Y2          , Y2          , Y2          , Xu          , Y2          , Y2          , Y2          , Y2          , Y2          , Y2          , Y2          , Y2          , Xu          , Xu          , Xu          , Xu          , Xu          , Xu          , Xu          , Xu          
Xu          , Xu          , Xu          , Xu          , Y2          , Y2          , Y2          , Xu          , Xu          , Xu          , Xu          , Xu          , Xu          , Xu          , Xu          , Xu          , Y2          , Y2          , Y2          , Y2          , Y2          , Y2          , Y2          , Y2          , Y2          , Y2          , Y2          , Y2          , Y2          , Y2          , Y2          , Y2          , Y2          , Y2          , Xu          , Xu          , Xu          , Xu          , Xu          , Xu          , Xu          , Xu          
Xu          , Xu          , Xu          , Xu          , Xu          , Y2          , Y2          , Y2          , Xu          , Xu          , Xu          , Xu          , Xu          , Xu          , Xu          , Y2          , Y2          , Y2          , Y2          , Y2          , Y2          , Y2          , Y2          , Y2          , Y2          , Y2          , Y2          , Y2          , Y2          , Y2          , Y2          , Y2          , Y2          , Y2          , Y2          , Xu          , Xu          , Xu          , Xu          , Xu          , Xu          , Xu          
Xu          , Xu          , Xu          , Xu          , Y2          , Y2          , Y2          , Y2          , Uu          , Xu          , Xu          , Xu          , Xu          , Xu          , Y2          , Y2          , Y2          , Y2          , Y2          , Y2          , Y2          , Y2          , Y2          , Y2          , Y2          , Y2          , Y2          , Y2          , Y2          , Y2          , Xu          , Y2          , Y2          , Y2          , Y2          , Y2          , Uu          , Xu          , Uu          , Xu          , Xu          , Xu          
Xu          , Xu          , Uu          , Uu          , Y2          , Y2          , Y2          , Y2          , Uu          , Xu          , Xu          , Xu          , Xu          , Xu          , Y2          , Y2          , Y2          , Y2          , Y2          , Y2          , Y2          , Y2          , Y2          , Y2          , Y2          , Y2          , Y2          , Y2          , Y2          , Y2          , Xu          , Xu          , Xu          , Xu          , Uu          , Uu          , Uu          , Uu          , Uu          , Uu^Vu          , Xu          , Xu          
Uu          , Uu          , Y2          , Y2          , Y2          , Y2          , Y2          , Y2          , Uu          , Uu          , Xu          , Xu          , Xu          , Xu          , Y2          , Y2          , Y2          , Y2          , Y2          , Y2          , Y2          , Y2          , Y2          , Y2          , Y2          , Y2          , Y2          , Y2          , Xu          , Xu          , Xu          , Xu          , Xu          , Xu          , Uu          , Uu          , Cud         , Cud         , Cud         , Uu          , Xu          , Xu          
Uu          , Uu          , Y2          , Y2          , Y2          , Y2          , Y2          , Y2          , Uu          , Uu^Vu       , Xu          , Xu          , Xu          , Xu          , Y2          , Y2          , Y2          , Y2          , Y2          , Y2          , Y2          , Y2          , Y2          , Y2          , Y2          , Y2          , Y2          , Xu          , Xu          , Xu          , Xu          , Xu          , Xu          , Xu          , Uu          , Uu          , Cud         , Kud         , Cud         , Uu          , Xu          , Xu          
Uu          , Uu          , Y2          , Y2          , Y2          , Y2          , Uu          , Uu          , Xu          , Xu          , Xu          , Xu          , Xu          , Y2          , Y2          , Y2          , Y2          , Y2          , Y2          , Y2          , Y2          , Y2          , Y2          , Y2          , Y2          , Y2          , Xu          , Xu          , Xu          , Xu          , Xu          , Xu          , Xu          , Xu          , Xu          , Uu          , Cud         , Cud         , Cud         , Uu          , Xu          , Xu          
Uu          , Y2          , Y2          , Y2          , Y2          , Y2          , Uu          , Xu          , Xu          , Xu          , Xu          , Xu          , Xu          , Y2          , Y2          , Y2          , Y2          , Y2          , Y2          , Y2          , Y2          , Y2          , Y2          , Y2          , Y2          , Y2          , Xu          , Xu          , Xu          , Xu          , Xu          , Xu          , Xu          , Xu          , Xu          , Uu          , Uu          , Uu          , Uu          , Uu          , Y2          , Xu          
Uu          , Y2          , Y2          , Y2          , Y2          , Y2          , Uu          , Xu          , Xu          , Xu          , Xu          , Xu          , Y2          , Y2          , Y2          , Y2          , Y2          , Y2          , Y2          , Y2          , Y2          , Y2          , Y2          , Y2          , Xu          , Xu          , Xu          , Xu          , Xu          , Xu          , Xu          , Xu          , Xu          , Xu          , Xu          , Xu          , Xu          , Uu          , Y2          , Y2          , Y2          , Y2          
